mode: atomic
github.com/SatzhanDev/gophKeeper/internal/client/config/config.go:25.43,31.39 5 6
github.com/SatzhanDev/gophKeeper/internal/client/config/config.go:31.39,33.3 1 1
github.com/SatzhanDev/gophKeeper/internal/client/config/config.go:36.2,36.26 1 5
github.com/SatzhanDev/gophKeeper/internal/client/config/config.go:36.26,38.3 1 3
github.com/SatzhanDev/gophKeeper/internal/client/config/config.go:41.2,41.26 1 5
github.com/SatzhanDev/gophKeeper/internal/client/config/config.go:41.26,43.3 1 2
github.com/SatzhanDev/gophKeeper/internal/client/config/config.go:45.2,45.17 1 5
github.com/SatzhanDev/gophKeeper/internal/pkg/version/version.go:12.38,14.2 1 2
github.com/SatzhanDev/gophKeeper/internal/client/crypto/crypto.go:41.35,43.2 1 5
github.com/SatzhanDev/gophKeeper/internal/client/crypto/crypto.go:47.66,49.2 1 7
github.com/SatzhanDev/gophKeeper/internal/client/crypto/crypto.go:52.36,54.42 2 5
github.com/SatzhanDev/gophKeeper/internal/client/crypto/crypto.go:54.42,56.3 1 0
github.com/SatzhanDev/gophKeeper/internal/client/crypto/crypto.go:57.2,57.17 1 5
github.com/SatzhanDev/gophKeeper/internal/client/crypto/crypto.go:62.53,64.16 2 8
github.com/SatzhanDev/gophKeeper/internal/client/crypto/crypto.go:64.16,66.3 1 0
github.com/SatzhanDev/gophKeeper/internal/client/crypto/crypto.go:67.2,68.16 2 8
github.com/SatzhanDev/gophKeeper/internal/client/crypto/crypto.go:68.16,70.3 1 0
github.com/SatzhanDev/gophKeeper/internal/client/crypto/crypto.go:72.2,73.44 2 8
github.com/SatzhanDev/gophKeeper/internal/client/crypto/crypto.go:73.44,75.3 1 0
github.com/SatzhanDev/gophKeeper/internal/client/crypto/crypto.go:77.2,80.50 4 8
github.com/SatzhanDev/gophKeeper/internal/client/crypto/crypto.go:84.48,85.28 1 7
github.com/SatzhanDev/gophKeeper/internal/client/crypto/crypto.go:85.28,87.3 1 1
github.com/SatzhanDev/gophKeeper/internal/client/crypto/crypto.go:88.2,88.25 1 6
github.com/SatzhanDev/gophKeeper/internal/client/crypto/crypto.go:88.25,90.3 1 1
github.com/SatzhanDev/gophKeeper/internal/client/crypto/crypto.go:91.2,95.16 4 5
github.com/SatzhanDev/gophKeeper/internal/client/crypto/crypto.go:95.16,97.3 1 0
github.com/SatzhanDev/gophKeeper/internal/client/crypto/crypto.go:98.2,99.16 2 5
github.com/SatzhanDev/gophKeeper/internal/client/crypto/crypto.go:99.16,101.3 1 0
github.com/SatzhanDev/gophKeeper/internal/client/crypto/crypto.go:103.2,103.46 1 5
github.com/SatzhanDev/gophKeeper/internal/client/crypto/crypto.go:107.47,109.2 1 2
github.com/SatzhanDev/gophKeeper/internal/client/crypto/crypto.go:112.53,114.2 1 2
github.com/SatzhanDev/gophKeeper/internal/server/config/config.go:28.43,39.39 7 7
github.com/SatzhanDev/gophKeeper/internal/server/config/config.go:39.39,41.3 1 1
github.com/SatzhanDev/gophKeeper/internal/server/config/config.go:44.2,44.27 1 6
github.com/SatzhanDev/gophKeeper/internal/server/config/config.go:44.27,46.3 1 4
github.com/SatzhanDev/gophKeeper/internal/server/config/config.go:47.2,47.25 1 6
github.com/SatzhanDev/gophKeeper/internal/server/config/config.go:47.25,49.3 1 5
github.com/SatzhanDev/gophKeeper/internal/server/config/config.go:50.2,50.21 1 6
github.com/SatzhanDev/gophKeeper/internal/server/config/config.go:50.21,51.41 1 5
github.com/SatzhanDev/gophKeeper/internal/server/config/config.go:51.41,53.18 2 1
github.com/SatzhanDev/gophKeeper/internal/server/config/config.go:53.18,55.5 1 1
github.com/SatzhanDev/gophKeeper/internal/server/config/config.go:56.4,56.18 1 0
github.com/SatzhanDev/gophKeeper/internal/server/config/config.go:59.2,59.24 1 5
github.com/SatzhanDev/gophKeeper/internal/server/config/config.go:59.24,61.3 1 4
github.com/SatzhanDev/gophKeeper/internal/server/config/config.go:64.2,64.21 1 5
github.com/SatzhanDev/gophKeeper/internal/server/config/config.go:64.21,66.3 1 4
github.com/SatzhanDev/gophKeeper/internal/server/config/config.go:67.2,67.27 1 5
github.com/SatzhanDev/gophKeeper/internal/server/config/config.go:67.27,69.3 1 1
github.com/SatzhanDev/gophKeeper/internal/server/config/config.go:70.2,70.25 1 4
github.com/SatzhanDev/gophKeeper/internal/server/config/config.go:70.25,72.3 1 1
github.com/SatzhanDev/gophKeeper/internal/server/config/config.go:73.2,73.24 1 3
github.com/SatzhanDev/gophKeeper/internal/server/config/config.go:73.24,75.3 1 2
github.com/SatzhanDev/gophKeeper/internal/server/config/config.go:77.2,77.17 1 3
github.com/SatzhanDev/gophKeeper/internal/server/auth/jwt.go:28.66,30.2 1 7
github.com/SatzhanDev/gophKeeper/internal/server/auth/jwt.go:33.61,43.2 3 3
github.com/SatzhanDev/gophKeeper/internal/server/auth/jwt.go:46.63,48.93 2 6
github.com/SatzhanDev/gophKeeper/internal/server/auth/jwt.go:48.93,49.54 1 5
github.com/SatzhanDev/gophKeeper/internal/server/auth/jwt.go:49.54,51.4 1 1
github.com/SatzhanDev/gophKeeper/internal/server/auth/jwt.go:52.3,52.23 1 4
github.com/SatzhanDev/gophKeeper/internal/server/auth/jwt.go:54.2,54.32 1 6
github.com/SatzhanDev/gophKeeper/internal/server/auth/jwt.go:54.32,56.3 1 5
github.com/SatzhanDev/gophKeeper/internal/server/auth/jwt.go:57.2,57.22 1 1
github.com/SatzhanDev/gophKeeper/internal/server/auth/password.go:8.52,10.16 2 4
github.com/SatzhanDev/gophKeeper/internal/server/auth/password.go:10.16,12.3 1 0
github.com/SatzhanDev/gophKeeper/internal/server/auth/password.go:13.2,13.26 1 4
github.com/SatzhanDev/gophKeeper/internal/server/auth/password.go:18.51,20.2 1 4
github.com/SatzhanDev/gophKeeper/internal/server/service/auth_service.go:22.86,24.2 1 7
github.com/SatzhanDev/gophKeeper/internal/server/service/auth_service.go:28.152,29.47 1 7
github.com/SatzhanDev/gophKeeper/internal/server/service/auth_service.go:29.47,31.3 1 1
github.com/SatzhanDev/gophKeeper/internal/server/service/auth_service.go:33.2,34.16 2 6
github.com/SatzhanDev/gophKeeper/internal/server/service/auth_service.go:34.16,36.3 1 0
github.com/SatzhanDev/gophKeeper/internal/server/service/auth_service.go:38.2,45.16 2 6
github.com/SatzhanDev/gophKeeper/internal/server/service/auth_service.go:45.16,47.3 1 1
github.com/SatzhanDev/gophKeeper/internal/server/service/auth_service.go:49.2,49.27 1 5
github.com/SatzhanDev/gophKeeper/internal/server/service/auth_service.go:54.156,56.19 2 5
github.com/SatzhanDev/gophKeeper/internal/server/service/auth_service.go:56.19,57.49 1 2
github.com/SatzhanDev/gophKeeper/internal/server/service/auth_service.go:57.49,59.4 1 2
github.com/SatzhanDev/gophKeeper/internal/server/service/auth_service.go:60.3,60.49 1 0
github.com/SatzhanDev/gophKeeper/internal/server/service/auth_service.go:63.2,63.77 1 3
github.com/SatzhanDev/gophKeeper/internal/server/service/auth_service.go:63.77,65.3 1 2
github.com/SatzhanDev/gophKeeper/internal/server/service/auth_service.go:67.2,68.57 2 1
github.com/SatzhanDev/gophKeeper/internal/server/service/secret_service.go:21.72,23.2 1 10
github.com/SatzhanDev/gophKeeper/internal/server/service/secret_service.go:25.47,27.2 1 14
github.com/SatzhanDev/gophKeeper/internal/server/service/secret_service.go:30.140,31.25 1 14
github.com/SatzhanDev/gophKeeper/internal/server/service/secret_service.go:31.25,33.3 1 1
github.com/SatzhanDev/gophKeeper/internal/server/service/secret_service.go:34.2,35.57 2 13
github.com/SatzhanDev/gophKeeper/internal/server/service/secret_service.go:35.57,37.3 1 0
github.com/SatzhanDev/gophKeeper/internal/server/service/secret_service.go:38.2,38.20 1 13
github.com/SatzhanDev/gophKeeper/internal/server/service/secret_service.go:42.91,44.2 1 2
github.com/SatzhanDev/gophKeeper/internal/server/service/secret_service.go:47.90,49.2 1 1
github.com/SatzhanDev/gophKeeper/internal/server/service/secret_service.go:53.127,55.62 2 3
github.com/SatzhanDev/gophKeeper/internal/server/service/secret_service.go:55.62,57.3 1 2
github.com/SatzhanDev/gophKeeper/internal/server/service/secret_service.go:58.2,58.28 1 1
github.com/SatzhanDev/gophKeeper/internal/server/service/secret_service.go:62.77,64.2 1 2
github.com/SatzhanDev/gophKeeper/internal/server/grpcserver/auth_server.go:37.62,39.2 1 6
github.com/SatzhanDev/gophKeeper/internal/server/grpcserver/auth_server.go:42.115,49.16 3 3
github.com/SatzhanDev/gophKeeper/internal/server/grpcserver/auth_server.go:49.16,50.44 1 2
github.com/SatzhanDev/gophKeeper/internal/server/grpcserver/auth_server.go:50.44,52.4 1 1
github.com/SatzhanDev/gophKeeper/internal/server/grpcserver/auth_server.go:53.3,54.61 2 1
github.com/SatzhanDev/gophKeeper/internal/server/grpcserver/auth_server.go:56.2,56.52 1 1
github.com/SatzhanDev/gophKeeper/internal/server/grpcserver/auth_server.go:60.106,62.16 2 3
github.com/SatzhanDev/gophKeeper/internal/server/grpcserver/auth_server.go:62.16,63.52 1 2
github.com/SatzhanDev/gophKeeper/internal/server/grpcserver/auth_server.go:63.52,65.4 1 1
github.com/SatzhanDev/gophKeeper/internal/server/grpcserver/auth_server.go:66.3,67.61 2 1
github.com/SatzhanDev/gophKeeper/internal/server/grpcserver/auth_server.go:69.2,76.8 1 1
github.com/SatzhanDev/gophKeeper/internal/server/grpcserver/interceptor.go:26.79,27.128 1 6
github.com/SatzhanDev/gophKeeper/internal/server/grpcserver/interceptor.go:27.128,28.37 1 6
github.com/SatzhanDev/gophKeeper/internal/server/grpcserver/interceptor.go:28.37,30.4 1 1
github.com/SatzhanDev/gophKeeper/internal/server/grpcserver/interceptor.go:32.3,33.10 2 5
github.com/SatzhanDev/gophKeeper/internal/server/grpcserver/interceptor.go:33.10,35.4 1 1
github.com/SatzhanDev/gophKeeper/internal/server/grpcserver/interceptor.go:37.3,38.23 2 4
github.com/SatzhanDev/gophKeeper/internal/server/grpcserver/interceptor.go:38.23,40.4 1 1
github.com/SatzhanDev/gophKeeper/internal/server/grpcserver/interceptor.go:42.3,44.17 3 3
github.com/SatzhanDev/gophKeeper/internal/server/grpcserver/interceptor.go:44.17,46.4 1 2
github.com/SatzhanDev/gophKeeper/internal/server/grpcserver/interceptor.go:48.3,49.27 2 1
github.com/SatzhanDev/gophKeeper/internal/server/grpcserver/interceptor.go:55.59,58.2 2 15
github.com/SatzhanDev/gophKeeper/internal/server/grpcserver/secret_server.go:34.70,36.2 1 13
github.com/SatzhanDev/gophKeeper/internal/server/grpcserver/secret_server.go:38.54,48.2 1 3
github.com/SatzhanDev/gophKeeper/internal/server/grpcserver/secret_server.go:51.133,53.9 2 4
github.com/SatzhanDev/gophKeeper/internal/server/grpcserver/secret_server.go:53.9,55.3 1 1
github.com/SatzhanDev/gophKeeper/internal/server/grpcserver/secret_server.go:57.2,58.16 2 3
github.com/SatzhanDev/gophKeeper/internal/server/grpcserver/secret_server.go:58.16,59.51 1 2
github.com/SatzhanDev/gophKeeper/internal/server/grpcserver/secret_server.go:59.51,61.4 1 1
github.com/SatzhanDev/gophKeeper/internal/server/grpcserver/secret_server.go:62.3,63.61 2 1
github.com/SatzhanDev/gophKeeper/internal/server/grpcserver/secret_server.go:65.2,65.59 1 1
github.com/SatzhanDev/gophKeeper/internal/server/grpcserver/secret_server.go:69.124,71.9 2 3
github.com/SatzhanDev/gophKeeper/internal/server/grpcserver/secret_server.go:71.9,73.3 1 1
github.com/SatzhanDev/gophKeeper/internal/server/grpcserver/secret_server.go:75.2,76.16 2 2
github.com/SatzhanDev/gophKeeper/internal/server/grpcserver/secret_server.go:76.16,77.48 1 1
github.com/SatzhanDev/gophKeeper/internal/server/grpcserver/secret_server.go:77.48,79.4 1 1
github.com/SatzhanDev/gophKeeper/internal/server/grpcserver/secret_server.go:80.3,81.61 2 0
github.com/SatzhanDev/gophKeeper/internal/server/grpcserver/secret_server.go:83.2,83.72 1 1
github.com/SatzhanDev/gophKeeper/internal/server/grpcserver/secret_server.go:87.128,89.9 2 2
github.com/SatzhanDev/gophKeeper/internal/server/grpcserver/secret_server.go:89.9,91.3 1 0
github.com/SatzhanDev/gophKeeper/internal/server/grpcserver/secret_server.go:93.2,94.16 2 2
github.com/SatzhanDev/gophKeeper/internal/server/grpcserver/secret_server.go:94.16,97.3 2 1
github.com/SatzhanDev/gophKeeper/internal/server/grpcserver/secret_server.go:99.2,100.30 2 1
github.com/SatzhanDev/gophKeeper/internal/server/grpcserver/secret_server.go:100.30,102.3 1 2
github.com/SatzhanDev/gophKeeper/internal/server/grpcserver/secret_server.go:103.2,103.18 1 1
github.com/SatzhanDev/gophKeeper/internal/server/grpcserver/secret_server.go:107.133,109.9 2 2
github.com/SatzhanDev/gophKeeper/internal/server/grpcserver/secret_server.go:109.9,111.3 1 0
github.com/SatzhanDev/gophKeeper/internal/server/grpcserver/secret_server.go:113.2,114.16 2 2
github.com/SatzhanDev/gophKeeper/internal/server/grpcserver/secret_server.go:114.16,115.49 1 1
github.com/SatzhanDev/gophKeeper/internal/server/grpcserver/secret_server.go:115.49,117.4 1 1
github.com/SatzhanDev/gophKeeper/internal/server/grpcserver/secret_server.go:118.3,119.61 2 0
github.com/SatzhanDev/gophKeeper/internal/server/grpcserver/secret_server.go:121.2,121.72 1 1
github.com/SatzhanDev/gophKeeper/internal/server/grpcserver/secret_server.go:125.133,127.9 2 2
github.com/SatzhanDev/gophKeeper/internal/server/grpcserver/secret_server.go:127.9,129.3 1 0
github.com/SatzhanDev/gophKeeper/internal/server/grpcserver/secret_server.go:131.2,131.73 1 2
github.com/SatzhanDev/gophKeeper/internal/server/grpcserver/secret_server.go:131.73,132.48 1 1
github.com/SatzhanDev/gophKeeper/internal/server/grpcserver/secret_server.go:132.48,134.4 1 1
github.com/SatzhanDev/gophKeeper/internal/server/grpcserver/secret_server.go:135.3,136.61 2 0
github.com/SatzhanDev/gophKeeper/internal/server/grpcserver/secret_server.go:138.2,138.46 1 1
github.com/SatzhanDev/gophKeeper/internal/client/cli/auth.go:15.50,16.20 1 4
github.com/SatzhanDev/gophKeeper/internal/client/cli/auth.go:16.20,18.3 1 2
github.com/SatzhanDev/gophKeeper/internal/client/cli/auth.go:19.2,22.16 3 2
github.com/SatzhanDev/gophKeeper/internal/client/cli/auth.go:22.16,24.3 1 0
github.com/SatzhanDev/gophKeeper/internal/client/cli/auth.go:26.2,27.43 2 2
github.com/SatzhanDev/gophKeeper/internal/client/cli/auth.go:27.43,29.3 1 0
github.com/SatzhanDev/gophKeeper/internal/client/cli/auth.go:30.2,34.16 4 2
github.com/SatzhanDev/gophKeeper/internal/client/cli/auth.go:34.16,36.3 1 0
github.com/SatzhanDev/gophKeeper/internal/client/cli/auth.go:37.2,38.16 2 2
github.com/SatzhanDev/gophKeeper/internal/client/cli/auth.go:38.16,40.3 1 0
github.com/SatzhanDev/gophKeeper/internal/client/cli/auth.go:42.2,51.16 2 2
github.com/SatzhanDev/gophKeeper/internal/client/cli/auth.go:51.16,53.3 1 1
github.com/SatzhanDev/gophKeeper/internal/client/cli/auth.go:55.2,59.12 5 1
github.com/SatzhanDev/gophKeeper/internal/client/cli/auth.go:64.47,65.20 1 4
github.com/SatzhanDev/gophKeeper/internal/client/cli/auth.go:65.20,67.3 1 1
github.com/SatzhanDev/gophKeeper/internal/client/cli/auth.go:68.2,71.16 3 3
github.com/SatzhanDev/gophKeeper/internal/client/cli/auth.go:71.16,73.3 1 0
github.com/SatzhanDev/gophKeeper/internal/client/cli/auth.go:75.2,79.16 2 3
github.com/SatzhanDev/gophKeeper/internal/client/cli/auth.go:79.16,81.3 1 1
github.com/SatzhanDev/gophKeeper/internal/client/cli/auth.go:83.2,90.16 4 2
github.com/SatzhanDev/gophKeeper/internal/client/cli/auth.go:90.16,92.3 1 1
github.com/SatzhanDev/gophKeeper/internal/client/cli/auth.go:94.2,98.12 5 1
github.com/SatzhanDev/gophKeeper/internal/client/cli/prompt.go:17.56,21.16 4 0
github.com/SatzhanDev/gophKeeper/internal/client/cli/prompt.go:21.16,23.3 1 0
github.com/SatzhanDev/gophKeeper/internal/client/cli/prompt.go:24.2,24.23 1 0
github.com/SatzhanDev/gophKeeper/internal/client/cli/secrets.go:18.31,21.16 3 2
github.com/SatzhanDev/gophKeeper/internal/client/cli/secrets.go:21.16,23.3 1 1
github.com/SatzhanDev/gophKeeper/internal/client/cli/secrets.go:25.2,25.38 1 1
github.com/SatzhanDev/gophKeeper/internal/client/cli/secrets.go:25.38,27.3 1 1
github.com/SatzhanDev/gophKeeper/internal/client/cli/secrets.go:28.2,28.12 1 1
github.com/SatzhanDev/gophKeeper/internal/client/cli/secrets.go:33.45,34.20 1 5
github.com/SatzhanDev/gophKeeper/internal/client/cli/secrets.go:34.20,36.3 1 1
github.com/SatzhanDev/gophKeeper/internal/client/cli/secrets.go:37.2,38.16 2 4
github.com/SatzhanDev/gophKeeper/internal/client/cli/secrets.go:38.16,40.3 1 1
github.com/SatzhanDev/gophKeeper/internal/client/cli/secrets.go:42.2,44.16 3 3
github.com/SatzhanDev/gophKeeper/internal/client/cli/secrets.go:44.16,46.3 1 1
github.com/SatzhanDev/gophKeeper/internal/client/cli/secrets.go:48.2,49.16 2 2
github.com/SatzhanDev/gophKeeper/internal/client/cli/secrets.go:49.16,51.3 1 1
github.com/SatzhanDev/gophKeeper/internal/client/cli/secrets.go:52.2,53.12 2 1
github.com/SatzhanDev/gophKeeper/internal/client/cli/secrets.go:58.45,59.19 1 4
github.com/SatzhanDev/gophKeeper/internal/client/cli/secrets.go:59.19,61.3 1 1
github.com/SatzhanDev/gophKeeper/internal/client/cli/secrets.go:63.2,64.9 2 3
github.com/SatzhanDev/gophKeeper/internal/client/cli/secrets.go:64.9,66.3 1 1
github.com/SatzhanDev/gophKeeper/internal/client/cli/secrets.go:67.2,71.16 4 2
github.com/SatzhanDev/gophKeeper/internal/client/cli/secrets.go:71.16,73.3 1 0
github.com/SatzhanDev/gophKeeper/internal/client/cli/secrets.go:75.2,81.16 3 2
github.com/SatzhanDev/gophKeeper/internal/client/cli/secrets.go:81.16,83.3 1 1
github.com/SatzhanDev/gophKeeper/internal/client/cli/secrets.go:85.2,86.12 2 1
github.com/SatzhanDev/gophKeeper/internal/client/cli/secrets.go:90.48,91.20 1 4
github.com/SatzhanDev/gophKeeper/internal/client/cli/secrets.go:91.20,93.3 1 1
github.com/SatzhanDev/gophKeeper/internal/client/cli/secrets.go:94.2,95.16 2 3
github.com/SatzhanDev/gophKeeper/internal/client/cli/secrets.go:95.16,97.3 1 1
github.com/SatzhanDev/gophKeeper/internal/client/cli/secrets.go:99.2,101.16 3 2
github.com/SatzhanDev/gophKeeper/internal/client/cli/secrets.go:101.16,103.3 1 1
github.com/SatzhanDev/gophKeeper/internal/client/cli/secrets.go:105.2,106.12 2 1
github.com/SatzhanDev/gophKeeper/internal/client/cli/secrets.go:111.60,112.11 1 9
github.com/SatzhanDev/gophKeeper/internal/client/cli/secrets.go:113.15,114.62 1 2
github.com/SatzhanDev/gophKeeper/internal/client/cli/secrets.go:115.14,116.52 1 2
github.com/SatzhanDev/gophKeeper/internal/client/cli/secrets.go:117.16,118.54 1 1
github.com/SatzhanDev/gophKeeper/internal/client/cli/secrets.go:119.14,120.52 1 1
github.com/SatzhanDev/gophKeeper/internal/client/cli/secrets.go:121.10,122.18 1 3
github.com/SatzhanDev/gophKeeper/internal/client/cli/secrets.go:130.48,131.19 1 5
github.com/SatzhanDev/gophKeeper/internal/client/cli/secrets.go:131.19,133.3 1 1
github.com/SatzhanDev/gophKeeper/internal/client/cli/secrets.go:134.2,135.16 2 4
github.com/SatzhanDev/gophKeeper/internal/client/cli/secrets.go:135.16,137.3 1 1
github.com/SatzhanDev/gophKeeper/internal/client/cli/secrets.go:138.2,144.16 5 3
github.com/SatzhanDev/gophKeeper/internal/client/cli/secrets.go:144.16,146.3 1 1
github.com/SatzhanDev/gophKeeper/internal/client/cli/secrets.go:148.2,149.16 2 2
github.com/SatzhanDev/gophKeeper/internal/client/cli/secrets.go:149.16,151.3 1 0
github.com/SatzhanDev/gophKeeper/internal/client/cli/secrets.go:153.2,159.16 2 2
github.com/SatzhanDev/gophKeeper/internal/client/cli/secrets.go:159.16,160.40 1 1
github.com/SatzhanDev/gophKeeper/internal/client/cli/secrets.go:160.40,162.4 1 1
github.com/SatzhanDev/gophKeeper/internal/client/cli/secrets.go:163.3,163.13 1 0
github.com/SatzhanDev/gophKeeper/internal/client/cli/secrets.go:166.2,167.12 2 1
github.com/SatzhanDev/gophKeeper/internal/client/cli/shell.go:34.35,36.16 2 0
github.com/SatzhanDev/gophKeeper/internal/client/cli/shell.go:36.16,38.3 1 0
github.com/SatzhanDev/gophKeeper/internal/client/cli/shell.go:39.2,48.6 5 0
github.com/SatzhanDev/gophKeeper/internal/client/cli/shell.go:48.6,50.22 2 0
github.com/SatzhanDev/gophKeeper/internal/client/cli/shell.go:50.22,52.40 2 0
github.com/SatzhanDev/gophKeeper/internal/client/cli/shell.go:52.40,54.5 1 0
github.com/SatzhanDev/gophKeeper/internal/client/cli/shell.go:55.4,55.14 1 0
github.com/SatzhanDev/gophKeeper/internal/client/cli/shell.go:58.3,59.17 2 0
github.com/SatzhanDev/gophKeeper/internal/client/cli/shell.go:59.17,60.12 1 0
github.com/SatzhanDev/gophKeeper/internal/client/cli/shell.go:63.3,66.49 3 0
github.com/SatzhanDev/gophKeeper/internal/client/cli/shell.go:66.49,67.31 1 0
github.com/SatzhanDev/gophKeeper/internal/client/cli/shell.go:67.31,69.5 1 0
github.com/SatzhanDev/gophKeeper/internal/client/cli/shell.go:70.4,70.37 1 0
github.com/SatzhanDev/gophKeeper/internal/client/cli/shell.go:74.59,75.13 1 10
github.com/SatzhanDev/gophKeeper/internal/client/cli/shell.go:76.18,77.31 1 1
github.com/SatzhanDev/gophKeeper/internal/client/cli/shell.go:78.15,79.28 1 0
github.com/SatzhanDev/gophKeeper/internal/client/cli/shell.go:80.14,81.39 1 1
github.com/SatzhanDev/gophKeeper/internal/client/cli/shell.go:81.39,81.61 1 0
github.com/SatzhanDev/gophKeeper/internal/client/cli/shell.go:82.13,83.39 1 1
github.com/SatzhanDev/gophKeeper/internal/client/cli/shell.go:83.39,83.66 1 0
github.com/SatzhanDev/gophKeeper/internal/client/cli/shell.go:84.13,85.39 1 1
github.com/SatzhanDev/gophKeeper/internal/client/cli/shell.go:85.39,85.66 1 0
github.com/SatzhanDev/gophKeeper/internal/client/cli/shell.go:86.16,87.39 1 1
github.com/SatzhanDev/gophKeeper/internal/client/cli/shell.go:87.39,87.69 1 0
github.com/SatzhanDev/gophKeeper/internal/client/cli/shell.go:88.16,89.39 1 1
github.com/SatzhanDev/gophKeeper/internal/client/cli/shell.go:89.39,89.69 1 0
github.com/SatzhanDev/gophKeeper/internal/client/cli/shell.go:90.14,92.13 2 1
github.com/SatzhanDev/gophKeeper/internal/client/cli/shell.go:93.22,94.17 1 2
github.com/SatzhanDev/gophKeeper/internal/client/cli/shell.go:95.10,96.92 1 1
github.com/SatzhanDev/gophKeeper/internal/client/cli/shell.go:100.52,101.18 1 7
github.com/SatzhanDev/gophKeeper/internal/client/cli/shell.go:101.18,103.3 1 6
github.com/SatzhanDev/gophKeeper/internal/client/cli/shell.go:104.2,104.13 1 1
github.com/SatzhanDev/gophKeeper/internal/client/cli/shell.go:107.18,117.2 1 1
github.com/SatzhanDev/gophKeeper/internal/client/grpcclient/grpcclient.go:16.50,18.2 1 1
github.com/SatzhanDev/gophKeeper/internal/client/grpcclient/grpcclient.go:22.69,24.2 1 1
github.com/SatzhanDev/gophKeeper/internal/server/storage/postgres/secret_repository.go:21.52,23.2 1 0
github.com/SatzhanDev/gophKeeper/internal/server/storage/postgres/secret_repository.go:26.82,34.2 2 0
github.com/SatzhanDev/gophKeeper/internal/server/storage/postgres/secret_repository.go:37.92,46.16 3 0
github.com/SatzhanDev/gophKeeper/internal/server/storage/postgres/secret_repository.go:46.16,47.36 1 0
github.com/SatzhanDev/gophKeeper/internal/server/storage/postgres/secret_repository.go:47.36,49.4 1 0
github.com/SatzhanDev/gophKeeper/internal/server/storage/postgres/secret_repository.go:50.3,50.18 1 0
github.com/SatzhanDev/gophKeeper/internal/server/storage/postgres/secret_repository.go:52.2,52.16 1 0
github.com/SatzhanDev/gophKeeper/internal/server/storage/postgres/secret_repository.go:56.93,64.16 2 0
github.com/SatzhanDev/gophKeeper/internal/server/storage/postgres/secret_repository.go:64.16,66.3 1 0
github.com/SatzhanDev/gophKeeper/internal/server/storage/postgres/secret_repository.go:67.2,70.18 3 0
github.com/SatzhanDev/gophKeeper/internal/server/storage/postgres/secret_repository.go:70.18,72.124 2 0
github.com/SatzhanDev/gophKeeper/internal/server/storage/postgres/secret_repository.go:72.124,74.4 1 0
github.com/SatzhanDev/gophKeeper/internal/server/storage/postgres/secret_repository.go:75.3,75.30 1 0
github.com/SatzhanDev/gophKeeper/internal/server/storage/postgres/secret_repository.go:77.2,77.27 1 0
github.com/SatzhanDev/gophKeeper/internal/server/storage/postgres/secret_repository.go:83.87,93.16 3 0
github.com/SatzhanDev/gophKeeper/internal/server/storage/postgres/secret_repository.go:93.16,94.36 1 0
github.com/SatzhanDev/gophKeeper/internal/server/storage/postgres/secret_repository.go:94.36,96.4 1 0
github.com/SatzhanDev/gophKeeper/internal/server/storage/postgres/secret_repository.go:97.3,97.13 1 0
github.com/SatzhanDev/gophKeeper/internal/server/storage/postgres/secret_repository.go:99.2,100.12 2 0
github.com/SatzhanDev/gophKeeper/internal/server/storage/postgres/secret_repository.go:106.74,111.16 2 0
github.com/SatzhanDev/gophKeeper/internal/server/storage/postgres/secret_repository.go:111.16,113.3 1 0
github.com/SatzhanDev/gophKeeper/internal/server/storage/postgres/secret_repository.go:114.2,114.29 1 0
github.com/SatzhanDev/gophKeeper/internal/server/storage/postgres/secret_repository.go:114.29,116.3 1 0
github.com/SatzhanDev/gophKeeper/internal/server/storage/postgres/secret_repository.go:117.2,117.12 1 0
github.com/SatzhanDev/gophKeeper/internal/server/storage/postgres/user_repository.go:24.48,26.2 1 0
github.com/SatzhanDev/gophKeeper/internal/server/storage/postgres/user_repository.go:29.78,38.16 3 0
github.com/SatzhanDev/gophKeeper/internal/server/storage/postgres/user_repository.go:38.16,40.66 2 0
github.com/SatzhanDev/gophKeeper/internal/server/storage/postgres/user_repository.go:40.66,42.4 1 0
github.com/SatzhanDev/gophKeeper/internal/server/storage/postgres/user_repository.go:43.3,43.16 1 0
github.com/SatzhanDev/gophKeeper/internal/server/storage/postgres/user_repository.go:45.2,45.16 1 0
github.com/SatzhanDev/gophKeeper/internal/server/storage/postgres/user_repository.go:49.87,64.16 5 0
github.com/SatzhanDev/gophKeeper/internal/server/storage/postgres/user_repository.go:64.16,65.36 1 0
github.com/SatzhanDev/gophKeeper/internal/server/storage/postgres/user_repository.go:65.36,67.4 1 0
github.com/SatzhanDev/gophKeeper/internal/server/storage/postgres/user_repository.go:68.3,68.18 1 0
github.com/SatzhanDev/gophKeeper/internal/server/storage/postgres/user_repository.go:71.2,76.16 2 0
